// Jest Snapshot v1, https://goo.gl/fbAQLP

exports[`renders correctly 1`] = `
<View
  style={
    Object {
      "alignItems": "center",
      "backgroundColor": "#fff",
      "flex": 1,
      "justifyContent": "flex-start",
      "width": "100%",
    }
  }
>
  <View
    style={
      Object {
        "alignItems": "center",
        "backgroundColor": "white",
        "flexDirection": "row",
        "height": 55,
        "justifyContent": "center",
        "marginTop": 5,
        "width": "100%",
      }
    }
  >
    <View
      style={
        Object {
          "alignItems": "center",
          "flexDirection": "row",
          "width": 675,
        }
      }
    >
      <View
        style={
          Object {
            "alignItems": "center",
            "flexDirection": "row",
            "width": 675,
          }
        }
      >
        <Image
          source={
            Object {
              "testUri": "../../../app/images/user_image_1.jpg",
            }
          }
          style={
            Object {
              "borderColor": "blue",
              "borderRadius": 50,
              "borderWidth": 2,
              "height": 50,
              "marginLeft": 10,
              "width": 50,
            }
          }
        />
        <View
          style={
            Object {
              "marginLeft": 220,
            }
          }
        >
          <Text
            allowFontScaling={false}
            onPress={[Function]}
            style={
              Array [
                Object {
                  "color": "black",
                  "fontSize": 20,
                },
                Object {
                  "backgroundColor": "rgba(0,0,0,0.1115)",
                  "borderRadius": 50,
                  "padding": 10,
                },
                Object {
                  "fontFamily": "fontello",
                  "fontStyle": "normal",
                  "fontWeight": "normal",
                },
                Object {},
              ]
            }
          >
            
          </Text>
        </View>
        <View
          style={
            Object {
              "marginLeft": 15,
            }
          }
        >
          <Text
            allowFontScaling={false}
            onPress={[Function]}
            style={
              Array [
                Object {
                  "color": "black",
                  "fontSize": 20,
                },
                Object {
                  "backgroundColor": "rgba(0,0,0,0.1115)",
                  "borderRadius": 50,
                  "padding": 10,
                },
                Object {
                  "fontFamily": "fontello",
                  "fontStyle": "normal",
                  "fontWeight": "normal",
                },
                Object {},
              ]
            }
          >
            
          </Text>
        </View>
      </View>
    </View>
  </View>
  <Text
    style={
      Object {
        "color": "black",
        "fontSize": 30,
        "fontWeight": "bold",
        "marginRight": 450,
        "padding": 10,
      }
    }
  >
    Your feed
  </Text>
  <RCTScrollView
    contentContainerStyle={
      Object {
        "alignItems": "center",
        "paddingBottom": 10,
      }
    }
    showsVerticalScrollIndicator={false}
    style={
      Object {
        "width": "100%",
      }
    }
  >
    <View>
      <View
        style={
          Array [
            Object {
              "alignItems": "center",
              "backgroundColor": "#fff",
              "flex": 1,
              "justifyContent": "flex-start",
              "width": "100%",
            },
            undefined,
          ]
        }
      >
        <ActivityIndicator
          animating={true}
          color="#0000ff"
          hidesWhenStopped={true}
          size="large"
        />
      </View>
    </View>
  </RCTScrollView>
</View>
`;
